// Jest Snapshot v1, https://goo.gl/fbAQLP

exports[`renders correctly 1`] = `
<div
  className="App"
>
  <div
    className="rollNode-tree"
  >
    <div
      className="node-wrapper"
    >
      <div
        className="node"
      >
        <span
          className="node-rollPair"
        >
          4,4
        </span>
        <div
          className="node-children-3"
        >
          <div
            className="node"
          >
            <span
              className="node-rollPair"
            >
              2,4
            </span>
            <div
              className="node-children-3"
            >
              <div
                className="node"
              >
                <span
                  className="node-rollPair"
                >
                  0,4
                </span>
              </div>
              <div
                className="node"
              >
                <span
                  className="node-rollPair"
                >
                  1,3
                </span>
                <div
                  className="node-children-2"
                >
                  <div
                    className="node"
                  >
                    <span
                      className="node-rollPair"
                    >
                      0,3
                    </span>
                  </div>
                  <div
                    className="node"
                  >
                    <span
                      className="node-rollPair"
                    >
                      1,2
                    </span>
                    <div
                      className="node-children-2"
                    >
                      <div
                        className="node"
                      >
                        <span
                          className="node-rollPair"
                        >
                          0,2
                        </span>
                      </div>
                      <div
                        className="node"
                      >
                        <span
                          className="node-rollPair"
                        >
                          1,1
                        </span>
                        <div
                          className="node-children-2"
                        >
                          <div
                            className="node"
                          >
                            <span
                              className="node-rollPair"
                            >
                              0,1
                            </span>
                          </div>
                          <div
                            className="node"
                          >
                            <span
                              className="node-rollPair"
                            >
                              1,0
                            </span>
                          </div>
                        </div>
                      </div>
                    </div>
                  </div>
                </div>
              </div>
              <div
                className="node"
              >
                <span
                  className="node-rollPair"
                >
                  2,2
                </span>
                <div
                  className="node-children-3"
                >
                  <div
                    className="node"
                  >
                    <span
                      className="node-rollPair"
                    >
                      0,2
                    </span>
                  </div>
                  <div
                    className="node"
                  >
                    <span
                      className="node-rollPair"
                    >
                      1,1
                    </span>
                    <div
                      className="node-children-2"
                    >
                      <div
                        className="node"
                      >
                        <span
                          className="node-rollPair"
                        >
                          0,1
                        </span>
                      </div>
                      <div
                        className="node"
                      >
                        <span
                          className="node-rollPair"
                        >
                          1,0
                        </span>
                      </div>
                    </div>
                  </div>
                  <div
                    className="node"
                  >
                    <span
                      className="node-rollPair"
                    >
                      2,0
                    </span>
                  </div>
                </div>
              </div>
            </div>
          </div>
          <div
            className="node"
          >
            <span
              className="node-rollPair"
            >
              3,3
            </span>
            <div
              className="node-children-3"
            >
              <div
                className="node"
              >
                <span
                  className="node-rollPair"
                >
                  1,3
                </span>
                <div
                  className="node-children-2"
                >
                  <div
                    className="node"
                  >
                    <span
                      className="node-rollPair"
                    >
                      0,3
                    </span>
                  </div>
                  <div
                    className="node"
                  >
                    <span
                      className="node-rollPair"
                    >
                      1,2
                    </span>
                    <div
                      className="node-children-2"
                    >
                      <div
                        className="node"
                      >
                        <span
                          className="node-rollPair"
                        >
                          0,2
                        </span>
                      </div>
                      <div
                        className="node"
                      >
                        <span
                          className="node-rollPair"
                        >
                          1,1
                        </span>
                        <div
                          className="node-children-2"
                        >
                          <div
                            className="node"
                          >
                            <span
                              className="node-rollPair"
                            >
                              0,1
                            </span>
                          </div>
                          <div
                            className="node"
                          >
                            <span
                              className="node-rollPair"
                            >
                              1,0
                            </span>
                          </div>
                        </div>
                      </div>
                    </div>
                  </div>
                </div>
              </div>
              <div
                className="node"
              >
                <span
                  className="node-rollPair"
                >
                  2,2
                </span>
                <div
                  className="node-children-3"
                >
                  <div
                    className="node"
                  >
                    <span
                      className="node-rollPair"
                    >
                      0,2
                    </span>
                  </div>
                  <div
                    className="node"
                  >
                    <span
                      className="node-rollPair"
                    >
                      1,1
                    </span>
                    <div
                      className="node-children-2"
                    >
                      <div
                        className="node"
                      >
                        <span
                          className="node-rollPair"
                        >
                          0,1
                        </span>
                      </div>
                      <div
                        className="node"
                      >
                        <span
                          className="node-rollPair"
                        >
                          1,0
                        </span>
                      </div>
                    </div>
                  </div>
                  <div
                    className="node"
                  >
                    <span
                      className="node-rollPair"
                    >
                      2,0
                    </span>
                  </div>
                </div>
              </div>
              <div
                className="node"
              >
                <span
                  className="node-rollPair"
                >
                  3,1
                </span>
                <div
                  className="node-children-2"
                >
                  <div
                    className="node"
                  >
                    <span
                      className="node-rollPair"
                    >
                      2,1
                    </span>
                    <div
                      className="node-children-2"
                    >
                      <div
                        className="node"
                      >
                        <span
                          className="node-rollPair"
                        >
                          1,1
                        </span>
                        <div
                          className="node-children-2"
                        >
                          <div
                            className="node"
                          >
                            <span
                              className="node-rollPair"
                            >
                              0,1
                            </span>
                          </div>
                          <div
                            className="node"
                          >
                            <span
                              className="node-rollPair"
                            >
                              1,0
                            </span>
                          </div>
                        </div>
                      </div>
                      <div
                        className="node"
                      >
                        <span
                          className="node-rollPair"
                        >
                          2,0
                        </span>
                      </div>
                    </div>
                  </div>
                  <div
                    className="node"
                  >
                    <span
                      className="node-rollPair"
                    >
                      3,0
                    </span>
                  </div>
                </div>
              </div>
            </div>
          </div>
          <div
            className="node"
          >
            <span
              className="node-rollPair"
            >
              4,2
            </span>
            <div
              className="node-children-3"
            >
              <div
                className="node"
              >
                <span
                  className="node-rollPair"
                >
                  2,2
                </span>
                <div
                  className="node-children-3"
                >
                  <div
                    className="node"
                  >
                    <span
                      className="node-rollPair"
                    >
                      0,2
                    </span>
                  </div>
                  <div
                    className="node"
                  >
                    <span
                      className="node-rollPair"
                    >
                      1,1
                    </span>
                    <div
                      className="node-children-2"
                    >
                      <div
                        className="node"
                      >
                        <span
                          className="node-rollPair"
                        >
                          0,1
                        </span>
                      </div>
                      <div
                        className="node"
                      >
                        <span
                          className="node-rollPair"
                        >
                          1,0
                        </span>
                      </div>
                    </div>
                  </div>
                  <div
                    className="node"
                  >
                    <span
                      className="node-rollPair"
                    >
                      2,0
                    </span>
                  </div>
                </div>
              </div>
              <div
                className="node"
              >
                <span
                  className="node-rollPair"
                >
                  3,1
                </span>
                <div
                  className="node-children-2"
                >
                  <div
                    className="node"
                  >
                    <span
                      className="node-rollPair"
                    >
                      2,1
                    </span>
                    <div
                      className="node-children-2"
                    >
                      <div
                        className="node"
                      >
                        <span
                          className="node-rollPair"
                        >
                          1,1
                        </span>
                        <div
                          className="node-children-2"
                        >
                          <div
                            className="node"
                          >
                            <span
                              className="node-rollPair"
                            >
                              0,1
                            </span>
                          </div>
                          <div
                            className="node"
                          >
                            <span
                              className="node-rollPair"
                            >
                              1,0
                            </span>
                          </div>
                        </div>
                      </div>
                      <div
                        className="node"
                      >
                        <span
                          className="node-rollPair"
                        >
                          2,0
                        </span>
                      </div>
                    </div>
                  </div>
                  <div
                    className="node"
                  >
                    <span
                      className="node-rollPair"
                    >
                      3,0
                    </span>
                  </div>
                </div>
              </div>
              <div
                className="node"
              >
                <span
                  className="node-rollPair"
                >
                  4,0
                </span>
              </div>
            </div>
          </div>
        </div>
      </div>
    </div>
  </div>
</div>
`;
